// Jest Snapshot v1, https://goo.gl/fbAQLP

exports[`<Pagination/> renders pagination for 18 items 1`] = `
<div>
  <div
    class="PaginationStyles-sc-16lbq43-0 bwVXTG"
    data-testid="pagination"
  >
    <a
      aria-disabled="true"
      href="/products/0"
    >
      ← Prev
    </a>
    <p
      data-testid="page-count"
    >
      Page 
      1
       of 
      5
    </p>
    <p>
      18
       Items Total
    </p>
    <a
      aria-disabled="false"
      href="/products/2"
    >
      Next →
    </a>
  </div>
</div>
`;
