// Jest Snapshot v1, https://goo.gl/fbAQLP

exports[`<Product/> Renders and matches the snapshot 1`] = `
<div>
  <div
    class="ItemStyles__Item-sc-n6axjh-0 kwKZhK"
  >
    <img
      alt="dogs are best"
      src="dog.jpg"
    />
    <h3
      class="Title-sc-b35d6l-0 fTYyzi"
    >
      <a
        href="/product/abc123"
      >
        dogs are best
      </a>
    </h3>
    <span
      class="PriceTag-sc-u3wu21-0 jXOlqC"
    >
      $50
    </span>
    <p>
      dogs
    </p>
    <div
      class="buttonList"
    >
      <a
        href="/update?id=abc123"
      >
        Edit ✏️
      </a>
      <button
        type="button"
      >
        Delete
      </button>
      <button
        type="button"
      >
        Add
        
         To Cart 🛒
      </button>
    </div>
  </div>
</div>
`;
